Test log entry